node.exe : ÔÜá The 
"middleware" file 
convention is 
deprecated. Please 
use "proxy" instead. 
Learn more: https://n
extjs.org/docs/messag
es/middleware-to-prox
y
En línea: 1 
Carácter: 1
+ & "C:\Program Files
\nodejs/node.exe" 
"C:\Program 
Files\nodejs/node_mo 
...
+ ~~~~~~~~~~~~~~~~~~~
~~~~~~~~~~~~~~~~~~~~~
~~~~~~~~~~~~~~~~~~~~~
~~~~~~~~
    + CategoryInfo   
           : 
NotSpecifi    ed: 
(ÔÜá The "midd    
le...leware-to-pro   
 xy:String) [], Rem  
  oteException
    + 
FullyQualifiedEr    
rorId : NativeComm   
 andError
 

> Build error 
occurred
Error: Turbopack 
build failed with 4 
errors:
./src/app/(dashboard)
/customers/new/page.t
sx:255:34
Parsing ecmascript 
source code failed
[0m [90m 253 |[39m
 [90m 254 |[39m    
                     
            )}
[31m[1m>[22m[39m
[90m 255 |[39m      
                     
      [33m/[39m[33
m>[39m
 [90m     |[39m    
                     
         
[31m[1m^[22m[39m
 [90m 256 |[39m
 [90m 257 |[39m    
                     
        [33m<[39m[
33mdiv[39m className
[33m=[39m[32m"p-4 
bg-muted/30 
rounded-lg border 
border-border space-y
-4"[39m[33m>[39m
 [90m 258 |[39m    
                     
            [33m<[3
9m[33mFormField[39m
[0m

Unexpected token. 
Did you mean `{'>'}` 
or `&gt;`?


./src/app/(dashboard)
/customers/new/page.t
sx:254:38
Parsing ecmascript 
source code failed
[0m [90m 252 
|[39m               
                  [3
3m<[39m[33m/[39m[
33mdiv[39m[33m>[39
m
 [90m 253 |[39m
[31m[1m>[22m[39m
[90m 254 |[39m      
                     
          )}
 [90m     |[39m    
                     
             
[31m[1m^[22m[39m
 [90m 255 |[39m    
                     
        [33m/[39m[
33m>[39m
 [90m 256 |[39m
 [90m 257 |[39m    
                     
        [33m<[39m[
33mdiv[39m className
[33m=[39m[32m"p-4 
bg-muted/30 
rounded-lg border 
border-border space-y
-4"[39m[33m>[39m[
0m

Unexpected token. 
Did you mean `{'}'}` 
or `&rbrace;`?


./src/app/(portal)/po
rtal/purchases/[id]/p
age.tsx:11:1
Module not found: 
Can't resolve '@/comp
onents/ui/skeleton'
[0m [90m  9 |[39m 
[36mimport[39m { 
[33mBadge[39m } 
[36mfrom[39m [32m'
@/components/ui/badge
'[39m
 [90m 10 |[39m 
[36mimport[39m { [
33mArrowLeft[39m[33
m,[39m [33mPackage
[39m[33m,[39m [33m
Truck[39m[33m,[39m
 [33mCheckCircle[39
m[33m,[39m [33mClo
ck[39m[33m,[39m [
33mMapPin[39m[33m,
[39m [33mMail[39m[
33m,[39m [33mPhone
[39m[33m,[39m 
[33mUser[39m } 
[36mfrom[39m [32m'
lucide-react'[39m
[31m[1m>[22m[39m
[90m 11 |[39m 
[36mimport[39m { 
[33mSkeleton[39m } 
[36mfrom[39m [32m'
@/components/ui/skele
ton'[39m
 [90m    |[39m [31
m[1m^[22m[39m[31m
[1m^[22m[39m[31m
[1m^[22m[39m[31m[
1m^[22m[39m[31m[1
m^[22m[39m[31m[1m
^[22m[39m[31m[1m^
[22m[39m[31m[1m^
[22m[39m[31m[1m^[
22m[39m[31m[1m^[2
2m[39m[31m[1m^[22
m[39m[31m[1m^[22m
[39m[31m[1m^[22m
[39m[31m[1m^[22m[
39m[31m[1m^[22m[3
9m[31m[1m^[22m[39
m[31m[1m^[22m[39m
[31m[1m^[22m[39m
[31m[1m^[22m[39m[
31m[1m^[22m[39m[3
1m[1m^[22m[39m[31
m[1m^[22m[39m[31m
[1m^[22m[39m[31m
[1m^[22m[39m[31m[
1m^[22m[39m[31m[1
m^[22m[39m[31m[1m
^[22m[39m[31m[1m^
[22m[39m[31m[1m^
[22m[39m[31m[1m^[
22m[39m[31m[1m^[2
2m[39m[31m[1m^[22
m[39m[31m[1m^[22m
[39m[31m[1m^[22m
[39m[31m[1m^[22m[
39m[31m[1m^[22m[3
9m[31m[1m^[22m[39
m[31m[1m^[22m[39m
[31m[1m^[22m[39m
[31m[1m^[22m[39m[
31m[1m^[22m[39m[3
1m[1m^[22m[39m[31
m[1m^[22m[39m[31m
[1m^[22m[39m[31m
[1m^[22m[39m[31m[
1m^[22m[39m[31m[1
m^[22m[39m[31m[1m
^[22m[39m[31m[1m^
[22m[39m[31m[1m^
[22m[39m[31m[1m^[
22m[39m
 [90m 12 |[39m
 [90m 13 |[39m 
[36mexport[39m 
[36mdefault[39m 
[36mfunction[39m [
33mEcommerceOrderDeta
ilPage[39m() {
 [90m 14 |[39m     
[36mconst[39m 
params [33m=[39m 
useParams()[0m

Import map: aliased 
to relative './src/co
mponents/ui/skeleton'
 inside of [project]/


Import traces:
  Client Component 
Browser:
    ./src/app/(portal
)/portal/purchases/[i
d]/page.tsx [Client 
Component Browser]
    ./src/app/(portal
)/portal/purchases/[i
d]/page.tsx [Server 
Component]

  Client Component 
SSR:
    ./src/app/(portal
)/portal/purchases/[i
d]/page.tsx [Client 
Component SSR]
    ./src/app/(portal
)/portal/purchases/[i
d]/page.tsx [Server 
Component]

https://nextjs.org/do
cs/messages/module-no
t-found


./src/app/(dashboard)
/dashboard/sales/page
.tsx:1:1
Export 
getSalesOrdersAction 
doesn't exist in 
target module
[0m[31m[1m>[22m[
39m[90m 1 |[39m 
[36mimport[39m { ge
tSalesOrdersAction[3
3m,[39m updateSalesO
rderStatusAction } 
[36mfrom[39m [32m'
@/lib/actions/sales'
[39m
 [90m   |[39m [31m
[1m^[22m[39m[31m
[1m^[22m[39m[31m[
1m^[22m[39m[31m[1
m^[22m[39m[31m[1m
^[22m[39m[31m[1m^
[22m[39m[31m[1m^
[22m[39m[31m[1m^[
22m[39m[31m[1m^[2
2m[39m[31m[1m^[22
m[39m[31m[1m^[22m
[39m[31m[1m^[22m
[39m[31m[1m^[22m[
39m[31m[1m^[22m[3
9m[31m[1m^[22m[39
m[31m[1m^[22m[39m
[31m[1m^[22m[39m
[31m[1m^[22m[39m[
31m[1m^[22m[39m[3
1m[1m^[22m[39m[31
m[1m^[22m[39m[31m
[1m^[22m[39m[31m
[1m^[22m[39m[31m[
1m^[22m[39m[31m[1
m^[22m[39m[31m[1m
^[22m[39m[31m[1m^
[22m[39m[31m[1m^
[22m[39m[31m[1m^[
22m[39m[31m[1m^[2
2m[39m[31m[1m^[22
m[39m[31m[1m^[22m
[39m[31m[1m^[22m
[39m[31m[1m^[22m[
39m[31m[1m^[22m[3
9m[31m[1m^[22m[39
m[31m[1m^[22m[39m
[31m[1m^[22m[39m
[31m[1m^[22m[39m[
31m[1m^[22m[39m[3
1m[1m^[22m[39m[31
m[1m^[22m[39m[31m
[1m^[22m[39m[31m
[1m^[22m[39m[31m[
1m^[22m[39m[31m[1
m^[22m[39m[31m[1m
^[22m[39m[31m[1m^
[22m[39m[31m[1m^
[22m[39m[31m[1m^[
22m[39m[31m[1m^[2
2m[39m[31m[1m^[22
m[39m[31m[1m^[22m
[39m[31m[1m^[22m
[39m[31m[1m^[22m[
39m[31m[1m^[22m[3
9m[31m[1m^[22m[39
m[31m[1m^[22m[39m
[31m[1m^[22m[39m
[31m[1m^[22m[39m[
31m[1m^[22m[39m[3
1m[1m^[22m[39m[31
m[1m^[22m[39m[31m
[1m^[22m[39m[31m
[1m^[22m[39m[31m[
1m^[22m[39m[31m[1
m^[22m[39m[31m[1m
^[22m[39m[31m[1m^
[22m[39m[31m[1m^
[22m[39m[31m[1m^[
22m[39m[31m[1m^[2
2m[39m[31m[1m^[22
m[39m[31m[1m^[22m
[39m[31m[1m^[22m
[39m[31m[1m^[22m[
39m[31m[1m^[22m[3
9m[31m[1m^[22m[39
m[31m[1m^[22m[39m
[31m[1m^[22m[39m
[31m[1m^[22m[39m[
31m[1m^[22m[39m[3
1m[1m^[22m[39m[31
m[1m^[22m[39m[31m
[1m^[22m[39m[31m
[1m^[22m[39m[31m[
1m^[22m[39m[31m[1
m^[22m[39m
 [90m 2 |[39m 
[36mimport[39m { [
33mCard[39m[33m,[3
9m [33mCardContent[
39m[33m,[39m [33mC
ardHeader[39m[33m,
[39m 
[33mCardTitle[39m 
} [36mfrom[39m [32
m'@/components/ui/car
d'[39m
 [90m 3 |[39m 
[36mimport[39m { 
[33mBadge[39m } 
[36mfrom[39m [32m'
@/components/ui/badge
'[39m
 [90m 4 |[39m 
[36mimport[39m { 
[33mButton[39m } 
[36mfrom[39m [32m'
@/components/ui/butto
n'[39m[0m

The export 
getSalesOrdersAction 
was not found in 
module [project]/src/
lib/actions/sales.ts 
[app-rsc] 
(ecmascript).
Did you mean to 
import getSalesMetric
sAction?
All exports of the 
module are 
statically known (It 
doesn't have dynamic 
exports). So it's 
known statically 
that the requested 
export doesn't exist.


    at <unknown> (./s
rc/app/(dashboard)/cu
stomers/new/page.tsx:
255:34)
    at <unknown> (./s
rc/app/(dashboard)/cu
stomers/new/page.tsx:
254:38)
    at <unknown> (./s
rc/app/(portal)/porta
l/purchases/[id]/page
.tsx:11:1)
    at <unknown> (htt
ps://nextjs.org/docs/
messages/module-not-f
ound)
    at <unknown> (./s
rc/app/(dashboard)/da
shboard/sales/page.ts
x:1:1)
